EN elbertv2runninglight NULL C:/Users/ryanh/Dropbox/BRAC/CSE461/Projects/animated_game/src/ElbertV2RunningLight.vhd sub00/vhpl10 1553179346
AR elbertv2vga behavioral C:/Users/ryanh/Dropbox/BRAC/CSE461/Projects/animated_game_stripped/src/ElbertV2VGA.vhd sub00/vhpl05 1553750745
EN clocking NULL C:/Users/ryanh/Dropbox/BRAC/CSE461/Projects/animated_game_stripped/clocking.vhd sub00/vhpl02 1553750742
AR elbertv2runninglight rtl C:/Users/ryanh/Dropbox/BRAC/CSE461/Projects/animated_game/src/ElbertV2RunningLight.vhd sub00/vhpl11 1553179347
EN elbertv2topmodule NULL C:/Users/ryanh/Dropbox/BRAC/CSE461/Projects/animated_game_stripped/src/ElbertV2TopModule.vhd sub00/vhpl12 1553750750
EN elbertv2sevensegmentdisplay NULL C:/Users/ryanh/Dropbox/BRAC/CSE461/Projects/animated_game_stripped/src/ElbertV2SevenSegmentDisplay.vhd sub00/vhpl08 1553750748
EN elbertv2audio NULL C:/Users/ryanh/Dropbox/BRAC/CSE461/Projects/animated_game_stripped/src/ElbertV2Audio.vhd sub00/vhpl06 1553750746
AR elbertv2sevensegmentdisplay rtl C:/Users/ryanh/Dropbox/BRAC/CSE461/Projects/animated_game_stripped/src/ElbertV2SevenSegmentDisplay.vhd sub00/vhpl09 1553750749
AR elbertv2audio behavioral C:/Users/ryanh/Dropbox/BRAC/CSE461/Projects/animated_game_stripped/src/ElbertV2Audio.vhd sub00/vhpl07 1553750747
AR elbertv2topmodule behavioral C:/Users/ryanh/Dropbox/BRAC/CSE461/Projects/animated_game_stripped/src/ElbertV2TopModule.vhd sub00/vhpl13 1553750751
EN vgadisplay NULL C:/Users/ryanh/Dropbox/BRAC/CSE461/Projects/animated_game_stripped/src/VGADisplay.vhd sub00/vhpl00 1553750740
EN elbertv2vga NULL C:/Users/ryanh/Dropbox/BRAC/CSE461/Projects/animated_game_stripped/src/ElbertV2VGA.vhd sub00/vhpl04 1553750744
AR clocking behavioral C:/Users/ryanh/Dropbox/BRAC/CSE461/Projects/animated_game_stripped/clocking.vhd sub00/vhpl03 1553750743
AR vgadisplay behavioral C:/Users/ryanh/Dropbox/BRAC/CSE461/Projects/animated_game_stripped/src/VGADisplay.vhd sub00/vhpl01 1553750741
