V3 36
FL C:/Users/ryanh/Dropbox/BRAC/CSE461/Projects/animated_game/clocking.vhd 2018/09/29.20:14:56 P.68d
FL C:/Users/ryanh/Dropbox/BRAC/CSE461/Projects/animated_game/src/ElbertV2Audio.vhd 2018/03/28.17:56:56 P.68d
FL C:/Users/ryanh/Dropbox/BRAC/CSE461/Projects/animated_game/src/ElbertV2RunningLight.vhd 2019/03/20.15:24:08 P.68d
EN work/ElbertV2RunningLight 1553179346 \
      FL C:/Users/ryanh/Dropbox/BRAC/CSE461/Projects/animated_game/src/ElbertV2RunningLight.vhd \
      PB ieee/std_logic_1164 1370735607 PB ieee/NUMERIC_STD 1370735611
AR work/ElbertV2RunningLight/rtl 1553179347 \
      FL C:/Users/ryanh/Dropbox/BRAC/CSE461/Projects/animated_game/src/ElbertV2RunningLight.vhd \
      EN work/ElbertV2RunningLight 1553179346
FL C:/Users/ryanh/Dropbox/BRAC/CSE461/Projects/animated_game/src/ElbertV2SevenSegmentDisplay.vhd 2018/03/28.17:56:56 P.68d
FL C:/Users/ryanh/Dropbox/BRAC/CSE461/Projects/animated_game/src/ElbertV2TopModule.vhd 2019/03/20.15:10:52 P.68d
FL C:/Users/ryanh/Dropbox/BRAC/CSE461/Projects/animated_game/src/ElbertV2VGA.vhd 2019/03/20.15:24:08 P.68d
FL C:/Users/ryanh/Dropbox/BRAC/CSE461/Projects/animated_game/src/VGADisplay.vhd 2019/03/21.20:42:04 P.68d
FL C:/Users/ryanh/Dropbox/BRAC/CSE461/Projects/animated_game_stripped/clocking.vhd 2018/09/29.20:14:56 P.68d
EN work/clocking 1553750742 \
      FL C:/Users/ryanh/Dropbox/BRAC/CSE461/Projects/animated_game_stripped/clocking.vhd \
      PB ieee/std_logic_1164 1370735607 PB ieee/NUMERIC_STD 1370735611 LB UNISIM \
      PH unisim/VCOMPONENTS 1370735613
AR work/clocking/BEHAVIORAL 1553750743 \
      FL C:/Users/ryanh/Dropbox/BRAC/CSE461/Projects/animated_game_stripped/clocking.vhd \
      EN work/clocking 1553750742 CP BUFG CP IBUFG CP DCM_SP
FL C:/Users/ryanh/Dropbox/BRAC/CSE461/Projects/animated_game_stripped/src/ElbertV2Audio.vhd 2019/03/24.15:37:24 P.68d
EN work/ElbertV2Audio 1553750746 \
      FL C:/Users/ryanh/Dropbox/BRAC/CSE461/Projects/animated_game_stripped/src/ElbertV2Audio.vhd \
      PB ieee/std_logic_1164 1370735607 PB ieee/NUMERIC_STD 1370735611
AR work/ElbertV2Audio/Behavioral 1553750747 \
      FL C:/Users/ryanh/Dropbox/BRAC/CSE461/Projects/animated_game_stripped/src/ElbertV2Audio.vhd \
      EN work/ElbertV2Audio 1553750746
FL C:/Users/ryanh/Dropbox/BRAC/CSE461/Projects/animated_game_stripped/src/ElbertV2SevenSegmentDisplay.vhd 2018/03/28.17:56:56 P.68d
EN work/ElbertV2SevenSegmentDisplay 1553750748 \
      FL C:/Users/ryanh/Dropbox/BRAC/CSE461/Projects/animated_game_stripped/src/ElbertV2SevenSegmentDisplay.vhd \
      PB ieee/std_logic_1164 1370735607 PB ieee/NUMERIC_STD 1370735611
AR work/ElbertV2SevenSegmentDisplay/rtl 1553750749 \
      FL C:/Users/ryanh/Dropbox/BRAC/CSE461/Projects/animated_game_stripped/src/ElbertV2SevenSegmentDisplay.vhd \
      EN work/ElbertV2SevenSegmentDisplay 1553750748
FL C:/Users/ryanh/Dropbox/BRAC/CSE461/Projects/animated_game_stripped/src/ElbertV2TopModule.vhd 2019/03/21.20:48:09 P.68d
EN work/ElbertV2TopModule 1553750750 \
      FL C:/Users/ryanh/Dropbox/BRAC/CSE461/Projects/animated_game_stripped/src/ElbertV2TopModule.vhd \
      PB ieee/std_logic_1164 1370735607 PB ieee/NUMERIC_STD 1370735611
AR work/ElbertV2TopModule/Behavioral 1553750751 \
      FL C:/Users/ryanh/Dropbox/BRAC/CSE461/Projects/animated_game_stripped/src/ElbertV2TopModule.vhd \
      EN work/ElbertV2TopModule 1553750750 CP clocking CP ElbertV2VGA \
      CP ElbertV2Audio CP ElbertV2SevenSegmentDisplay
FL C:/Users/ryanh/Dropbox/BRAC/CSE461/Projects/animated_game_stripped/src/ElbertV2VGA.vhd 2019/03/20.15:24:08 P.68d
EN work/ElbertV2VGA 1553750744 \
      FL C:/Users/ryanh/Dropbox/BRAC/CSE461/Projects/animated_game_stripped/src/ElbertV2VGA.vhd \
      PB ieee/std_logic_1164 1370735607 PB ieee/NUMERIC_STD 1370735611
AR work/ElbertV2VGA/Behavioral 1553750745 \
      FL C:/Users/ryanh/Dropbox/BRAC/CSE461/Projects/animated_game_stripped/src/ElbertV2VGA.vhd \
      EN work/ElbertV2VGA 1553750744 CP work/VGADisplay
FL C:/Users/ryanh/Dropbox/BRAC/CSE461/Projects/animated_game_stripped/src/VGADisplay.vhd 2019/03/28.11:25:37 P.68d
EN work/VGADisplay 1553750740 \
      FL C:/Users/ryanh/Dropbox/BRAC/CSE461/Projects/animated_game_stripped/src/VGADisplay.vhd \
      PB ieee/std_logic_1164 1370735607 PB ieee/NUMERIC_STD 1370735611
AR work/VGADisplay/Behavioral 1553750741 \
      FL C:/Users/ryanh/Dropbox/BRAC/CSE461/Projects/animated_game_stripped/src/VGADisplay.vhd \
      EN work/VGADisplay 1553750740
